REPOSITORY_HYGIENE_OK
ADDRESS_PREFLIGHT {"centers": 89, "coverage_placeholders": 10, "missing_centers": 0, "missing_sites": 0, "physical_sites": 91}
Generated 45 pages from 161 treatment opportunities
CANCER_PAGES_ENHANCED 44
CENTER_PAGES_SKIPPED_UNPROFILED 11 | Animal Medical Center, Gifu University; Hokkaido University Veterinary Teaching Hospital; Hospital Veterinario Puchol / ReachGlio; Japan Small Animal Cancer Center; Kamogawa Animal Medical Center; Nihon University Animal Medical Center; Nippon Veterinary and Life Science University Veterinary Medical Center; Nippon Zenyaku Kogyo multicenter veterinary trial; University of Tokyo Veterinary Medical Center; VCA Dallas Animal Specialty Hospital; Yamaguchi University Veterinary Medical Center
CENTER_PAGES_OK 102
CENTER_OWNER_PAGES_OK 91
CENTER_PAGES_ENHANCED 91
CANCER_PAGE_CONSISTENCY_OK 44
CANCER_COVERAGE_OK 22 21 1
HELP_CENTER_OK https://vettrialfinder.com/help/
CENTER_PROFILES_OK pages=91 verified_profiles=91 redirects_skipped=0
SITE_SHELL_OK 158
ABOUT_PAGE_OK
CANCER_DEPTH_VALIDATION_OK 22 diagnoses x 2 species
CANCER_PAGE_SEMANTIC_BUILD_OK 44 generated pages
MATCHER_DATA_OK total=166 treatment=161 access=5
ONCOLOGY_CENTER_CATALOG_OK profiles=458 acvim_locations=248 matched=72 supplemental_added=158 centers=423
ONCOLOGY_CENTER_FINDER_OK centers=423
ONCOLOGY_CENTERS_OK centers=423 states=52
ARTICLE_CATALOG_OK articles=13 categories=4
SEO_INDEX_POLICY_OK indexable=168 noindex=23
HELP_CONTENT_OK details= 24
CENTER_DIRECTORY_PICKER_OK sections=4
CENTER_PROFILES_OK pages=91 verified_profiles=91 redirects_skipped=0
SENTENCE_CASE_OK pages=193
SITE_SEARCH_OK pages=189
PRODUCTION_SYNC_OK total=166 treatment=161 access=5 matcher_ids=166 internal_links=6554
MATCHER_LOGIC_OK trials=166 mct=4 yasha=0 mammary=3 osteosarcoma=19 bladder=5 brain=8
NO_TRACKING_OK
PUBLIC_PAGE_SHELL_OK 194
